[insert into t1(1)] failed with rc -3 near "1": syntax error
