(rows inserted=1)
(rows inserted=1)
(rows inserted=1)
(rows inserted=1)
(count(*)=3)
(count(*)=3)
(count(*)=0)
(count(*)=0)
